"契約No","商品コード","商品名","オーダー日","解約月","回線番号","ICCID"
"CC2020041400140001","915868","リコーモバイル通信サービス　データＳＩＭ（Ｓ）２ＧＢ　月額利用料","20190626","201906","11111","1"
