"契約No","商品コード","商品名","オーダー日","納入希望日","氏名(漢字)","氏名(カナ)","郵便番号","住所","組織名","部署名","電話番号","FAX番号","担当者メールアドレス","回線番号","ICCID","納入予定日","送り状番号","備考","デバイス"
"CC201912240010101001","SI0001","【再発行】データSIM Type-C 2GB","20191028","20191031","dummy_pic_name_location","dummy_pic_name_kana_location","input_post_number_location","input_address_location","dummy_company_name_location","dummy_office_name_locationdummy_pic_dept_name_location","dummy_pic_phone_number_location","dummy_pic_fax_number_location","dummy_mail_address@xx.xx","2","","","","",""
"CC201912240010101002","SI0002","【再発行】データSIM Type-C 5GB","20191028","20191031","dummy_pic_name_location","dummy_pic_name_kana_location","input_post_number_location","input_address_location","dummy_company_name_location","dummy_office_name_locationdummy_pic_dept_name_location","dummy_pic_phone_number_location","dummy_pic_fax_number_location","dummy_mail_address@xx.xx","1","","","","",""
"CC201912240010101002","SI0002","【再発行】データSIM Type-C 5GB","20191028","20191031","dummy_pic_name_location","dummy_pic_name_kana_location","input_post_number_location","input_address_location","dummy_company_name_location","dummy_office_name_locationdummy_pic_dept_name_location","dummy_pic_phone_number_location","dummy_pic_fax_number_location","dummy_mail_address@xx.xx","3","","","","",""
"CC201912240010101002","SI0002","【再発行】データSIM Type-C 5GB","20191028","20191031","dummy_pic_name_location","dummy_pic_name_kana_location","input_post_number_location","input_address_location","dummy_company_name_location","dummy_office_name_locationdummy_pic_dept_name_location","dummy_pic_phone_number_location","dummy_pic_fax_number_location","dummy_mail_address@xx.xx","4","","","","",""
"CC201912240010201001","SI0001","【再発行】データSIM Type-C 2GB","20191028","20191030","dummy_pic_name_location","dummy_pic_name_kana_location","input_post_number_location","input_address_location","dummy_company_name_location","dummy_office_name_locationdummy_pic_dept_name_location","dummy_pic_phone_number_location","dummy_pic_fax_number_location","dummy_mail_address@xx.x","6","","","","",""
"CC201912240010201002","SI0002","【再発行】データSIM Type-C 5GB","20191028","20191030","dummy_pic_name_location","dummy_pic_name_kana_location","input_post_number_location","input_address_location","dummy_company_name_location","dummy_office_name_locationdummy_pic_dept_name_location","dummy_pic_phone_number_location","dummy_pic_fax_number_location","dummy_mail_address@xx.x","5","","","","",""
"CC201912240010201002","SI0002","【再発行】データSIM Type-C 5GB","20191028","20191030","dummy_pic_name_location","dummy_pic_name_kana_location","input_post_number_location","input_address_location","dummy_company_name_location","dummy_office_name_locationdummy_pic_dept_name_location","dummy_pic_phone_number_location","dummy_pic_fax_number_location","dummy_mail_address@xx.x","7","","","","",""
"CC201912240010201002","SI0002","【再発行】データSIM Type-C 5GB","20191028","20191030","dummy_pic_name_location","dummy_pic_name_kana_location","input_post_number_location","input_address_location","dummy_company_name_location","dummy_office_name_locationdummy_pic_dept_name_location","dummy_pic_phone_number_location","dummy_pic_fax_number_location","dummy_mail_address@xx.x","8","","","","",""
"CC201912240010301001","SI0001","【再発行】データSIM Type-C 2GB","20191028","20191031","dummy_pic_name_location","dummy_pic_name_kana_location","input_post_number_location","input_address_location","dummy_company_name_location","dummy_office_name_locationdummy_pic_dept_name_location","dummy_pic_phone_number_location","dummy_pic_fax_number_location","dummy_mail_address@xx.xx","10","","","","",""
"CC201912240010301002","SI0002","【再発行】データSIM Type-C 5GB","20191028","20191031","dummy_pic_name_location","dummy_pic_name_kana_location","input_post_number_location","input_address_location","dummy_company_name_location","dummy_office_name_locationdummy_pic_dept_name_location","dummy_pic_phone_number_location","dummy_pic_fax_number_location","dummy_mail_address@xx.xx","11","","","","",""
"CC201912240010301002","SI0002","【再発行】データSIM Type-C 5GB","20191028","20191031","dummy_pic_name_location","dummy_pic_name_kana_location","input_post_number_location","input_address_location","dummy_company_name_location","dummy_office_name_locationdummy_pic_dept_name_location","dummy_pic_phone_number_location","dummy_pic_fax_number_location","dummy_mail_address@xx.xx","12","","","","",""
"CC201912240010301002","SI0002","【再発行】データSIM Type-C 5GB","20191028","20191031","dummy_pic_name_location","dummy_pic_name_kana_location","input_post_number_location","input_address_location","dummy_company_name_location","dummy_office_name_locationdummy_pic_dept_name_location","dummy_pic_phone_number_location","dummy_pic_fax_number_location","dummy_mail_address@xx.xx","9","","","","",""
"CC201912240010401001","SI0001","【再発行】データSIM Type-C 2GB","20191028","20191031","dummy_pic_name_location","dummy_pic_name_kana_location","input_post_number_location","input_address_location","dummy_company_name_location","dummy_office_name_locationdummy_pic_dept_name_location","dummy_pic_phone_number_location","dummy_pic_fax_number_location","dummy_mail_address@xx.xx","14","","","","",""
"CC201912240010401002","SI0002","【再発行】データSIM Type-C 5GB","20191028","20191031","dummy_pic_name_location","dummy_pic_name_kana_location","input_post_number_location","input_address_location","dummy_company_name_location","dummy_office_name_locationdummy_pic_dept_name_location","dummy_pic_phone_number_location","dummy_pic_fax_number_location","dummy_mail_address@xx.xx","13","","","","",""
"CC201912240010401002","SI0002","【再発行】データSIM Type-C 5GB","20191028","20191031","dummy_pic_name_location","dummy_pic_name_kana_location","input_post_number_location","input_address_location","dummy_company_name_location","dummy_office_name_locationdummy_pic_dept_name_location","dummy_pic_phone_number_location","dummy_pic_fax_number_location","dummy_mail_address@xx.xx","15","","","","",""
"CC201912240010401002","SI0002","【再発行】データSIM Type-C 5GB","20191028","20191031","dummy_pic_name_location","dummy_pic_name_kana_location","input_post_number_location","input_address_location","dummy_company_name_location","dummy_office_name_locationdummy_pic_dept_name_location","dummy_pic_phone_number_location","dummy_pic_fax_number_location","dummy_mail_address@xx.xx","16","","","","",""
